******************************************************************************
                  TI ARM Linker Unix v18.1.3                   
******************************************************************************
>> Linked Fri Dec 14 15:30:21 2018

OUTPUT FILE NAME:   <cs_hfxt_start_MSP_EXP432P401R_nortos_ccs.out>
ENTRY POINT SYMBOL: "_c_int00_noargs"  address: 00001e7d


MEMORY CONFIGURATION

         name            origin    length      used     unused   attr    fill
----------------------  --------  ---------  --------  --------  ----  --------
  MAIN                  00000000   00040000  00002274  0003dd8c  R  X
  INFO                  00200000   00004000  00000000  00004000  R  X
  SRAM_CODE             01000000   00010000  00000300  0000fd00  RW X
  SRAM_DATA             20000000   00010000  00000300  0000fd00  RW  


SEGMENT ALLOCATION MAP

run origin  load origin   length   init length attrs members
----------  ----------- ---------- ----------- ----- -------
00000000    00000000    00002278   00002278    r-x
  00000000    00000000    000000e4   000000e4    r-- .intvecs
  000000e4    000000e4    00001f78   00001f78    r-x .text
  00002060    00002060    000001d8   000001d8    r-- .const
  00002238    00002238    00000040   00000040    r-- .cinit
20000000    20000000    00000100   00000000    rw-
  20000000    20000000    000000d0   00000000    rw- .bss
  200000d0    200000d0    00000030   00000000    rw- .data
2000fe00    2000fe00    00000200   00000000    rw-
  2000fe00    2000fe00    00000200   00000000    rw- .stack


SECTION ALLOCATION MAP

 output                                  attributes/
section   page    origin      length       input sections
--------  ----  ----------  ----------   ----------------
.intvecs   0    00000000    000000e4     
                  00000000    000000e4     startup_msp432p401r_ccs.obj (.intvecs:retain)

.text      0    000000e4    00001f78     
                  000000e4    00000738     rtsv7M4_T_le_v4SPD16_eabi.lib : k_rem_pio2.c.obj (.text:__kernel_rem_pio2)
                  0000081c    000005c4                                   : s_sin.c.obj (.text:sin)
                  00000de0    00000204     main.obj (.text:main)
                  00000fe4    000001b6     rtsv7M4_T_le_v4SPD16_eabi.lib : fd_add_t2.asm.obj (.text)
                  0000119a    00000002     startup_msp432p401r_ccs.obj (.text:Default_Handler)
                  0000119c    00000174     rtsv7M4_T_le_v4SPD16_eabi.lib : k_sin.c.obj (.text:__kernel_sin)
                  00001310    0000016c                                   : k_cos.c.obj (.text:__kernel_cos)
                  0000147c    00000160     msp432p4xx_driverlib.lib : adc14.o (.text:_getIndexForMemRegister)
                  000015dc    00000110     rtsv7M4_T_le_v4SPD16_eabi.lib : s_scalbn.c.obj (.text:scalbn)
                  000016ec    000000fc                                   : fd_mul_t2.asm.obj (.text)
                  000017e8    000000f8                                   : s_floor.c.obj (.text:floor)
                  000018e0    000000e4     msp432p4xx_driverlib.lib : cs.o (.text:CS_startHFXTWithTimeout)
                  000019c4    000000dc                              : cs.o (.text:_CSGetHFXTFrequency)
                  00001aa0    0000009c     main.obj (.text:SysTick_Handler)
                  00001b3c    0000009c     rtsv7M4_T_le_v4SPD16_eabi.lib : memcpy_t2.asm.obj (.text)
                  00001bd8    00000086                                   : fd_cmp_t2.asm.obj (.text:__aeabi_cdcmple)
                  00001c5e    00000086                                   : fd_cmp_t2.asm.obj (.text:__aeabi_cdrcmple)
                  00001ce4    00000068     system_msp432p401r.obj (.text:SystemInit)
                  00001d4c    00000068     rtsv7M4_T_le_v4SPD16_eabi.lib : copy_decompress_lzss.c.obj (.text:decompress:lzss:__TI_decompress_lzss)
                  00001db4    00000048                                   : fd_toi_t2.asm.obj (.text)
                  00001dfc    00000044                                   : autoinit.c.obj (.text:__TI_auto_init_nobinit_nopinit:__TI_auto_init_nobinit_nopinit)
                  00001e40    0000003a     main.obj (.text:filter)
                  00001e7a    00000002     --HOLE-- [fill = 0]
                  00001e7c    00000038     rtsv7M4_T_le_v4SPD16_eabi.lib : boot_cortex_m.c.obj (.text:_c_int00_noargs:_c_int00_noargs)
                  00001eb4    00000038                                   : fs_tod_t2.asm.obj (.text)
                  00001eec    0000002e                                   : i_tofd_t2.asm.obj (.text)
                  00001f1a    00000002     --HOLE-- [fill = 0]
                  00001f1c    00000020     msp432p4xx_driverlib.lib : adc14.o (.text:ADC14_setResolution)
                  00001f3c    00000020                              : cs.o (.text:CS_setExternalClockSourceFrequency)
                  00001f5c    00000020     main.obj (.text:bandstop)
                  00001f7c    0000001c     msp432p4xx_driverlib.lib : adc14.o (.text:ADC14_getResult)
                  00001f98    00000018     main.obj (.text:ADC14_IRQHandler)
                  00001fb0    00000018     msp432p4xx_driverlib.lib : sysctl_a.o (.text:SysCtl_A_disableNMISource)
                  00001fc8    00000018                              : sysctl_a.o (.text:SysCtl_A_enableNMISource)
                  00001fe0    00000014     rtsv7M4_T_le_v4SPD16_eabi.lib : s_copysign.c.obj (.text:copysign)
                  00001ff4    00000012     msp432p4xx_driverlib.lib : cs.o (.text:CS_startHFXT)
                  00002006    00000012     rtsv7M4_T_le_v4SPD16_eabi.lib : copy_zero_init.c.obj (.text:decompress:ZI:__TI_zero_init_nomemset:__TI_zero_init_nomemset)
                  00002018    00000010     msp432p4xx_driverlib.lib : sysctl_a.o (.text:SysCtl_A_getNMISourceStatus)
                  00002028    0000000e     rtsv7M4_T_le_v4SPD16_eabi.lib : copy_decompress_none.c.obj (.text:decompress:none:__TI_decompress_none)
                  00002036    0000000c     startup_msp432p401r_ccs.obj (.text:Reset_Handler)
                  00002042    0000000a     main.obj (.text:updateBuffer)
                  0000204c    00000008     rtsv7M4_T_le_v4SPD16_eabi.lib : errno.c.obj (.text:__aeabi_errno_addr)
                  00002054    00000004                                   : pre_init.c.obj (.text:_system_pre_init)
                  00002058    00000004                                   : exit.c.obj (.text:abort:abort)

.const     0    00002060    000001d8     
                  00002060    00000158     rtsv7M4_T_le_v4SPD16_eabi.lib : k_rem_pio2.c.obj (.const:$O1$$)
                  000021b8    00000080     msp432p4xx_driverlib.lib : adc14.o (.const:_ctlRegs)

.cinit     0    00002238    00000040     
                  00002238    0000001c     (.cinit..data.load) [load image, compression = lzss]
                  00002254    0000000c     (__TI_handler_table)
                  00002260    00000008     (.cinit..bss.load) [load image, compression = zero_init]
                  00002268    00000010     (__TI_cinit_table)

.init_array 
*          0    00000000    00000000     UNINITIALIZED

.binit     0    00000000    00000000     

.bss       0    20000000    000000d0     UNINITIALIZED
                  20000000    000000c8     main.obj (.bss:sine_value)
                  200000c8    00000008     msp432p4xx_driverlib.lib : cs.o (.bss)

.data      0    200000d0    00000030     UNINITIALIZED
                  200000d0    0000000c     main.obj (.data:bandstopBuff)
                  200000dc    0000000c     main.obj (.data:bandstopDen)
                  200000e8    0000000c     main.obj (.data:bandstopNum)
                  200000f4    00000008     main.obj (.data)
                  200000fc    00000004     rtsv7M4_T_le_v4SPD16_eabi.lib : errno.c.obj (.data)

.stack     0    2000fe00    00000200     UNINITIALIZED
                  2000fe00    00000004     rtsv7M4_T_le_v4SPD16_eabi.lib : boot_cortex_m.c.obj (.stack)
                  2000fe04    000001fc     --HOLE--

MODULE SUMMARY

       Module                        code   ro data   rw data
       ------                        ----   -------   -------
    ./
       main.obj                      796    0         488    
       system_msp432p401r.obj        104    0         0      
    +--+-----------------------------+------+---------+---------+
       Total:                        900    0         488    
                                                             
    ./ccs/
       startup_msp432p401r_ccs.obj   14     228       0      
    +--+-----------------------------+------+---------+---------+
       Total:                        14     228       0      
                                                             
    /Applications/ti/ccsv8/tools/compiler/ti-cgt-arm_18.1.3.LTS/lib/rtsv7M4_T_le_v4SPD16_eabi.lib
       k_rem_pio2.c.obj              1848   344       0      
       s_sin.c.obj                   1476   0         0      
       fd_add_t2.asm.obj             438    0         0      
       k_sin.c.obj                   372    0         0      
       k_cos.c.obj                   364    0         0      
       s_scalbn.c.obj                272    0         0      
       fd_cmp_t2.asm.obj             268    0         0      
       fd_mul_t2.asm.obj             252    0         0      
       s_floor.c.obj                 248    0         0      
       memcpy_t2.asm.obj             156    0         0      
       copy_decompress_lzss.c.obj    104    0         0      
       fd_toi_t2.asm.obj             72     0         0      
       autoinit.c.obj                68     0         0      
       boot_cortex_m.c.obj           56     0         0      
       fs_tod_t2.asm.obj             56     0         0      
       i_tofd_t2.asm.obj             46     0         0      
       s_copysign.c.obj              20     0         0      
       copy_zero_init.c.obj          18     0         0      
       errno.c.obj                   8      0         8      
       copy_decompress_none.c.obj    14     0         0      
       exit.c.obj                    4      0         0      
       pre_init.c.obj                4      0         0      
    +--+-----------------------------+------+---------+---------+
       Total:                        6164   344       8      
                                                             
    /Users/hassifabdulahimustafa/ti/simplelink_msp432p4_sdk_2_30_00_14/source/ti/devices/msp432p4xx/driverlib/ccs/msp432p4xx_driverlib.lib
       adc14.o                       412    128       0      
       cs.o                          498    0         16     
       sysctl_a.o                    64     0         0      
    +--+-----------------------------+------+---------+---------+
       Total:                        974    128       16     
                                                             
       Stack:                        0      0         1024   
       Linker Generated:             0      64        0      
    +--+-----------------------------+------+---------+---------+
       Grand Total:                  8052   764       1536   


LINKER GENERATED COPY TABLES

__TI_cinit_table @ 00002268 records: 2, size/record: 8, table size: 16
	.data: load addr=00002238, load size=0000001c bytes, run addr=200000d0, run size=00000030 bytes, compression=lzss
	.bss: load addr=00002260, load size=00000008 bytes, run addr=20000000, run size=000000d0 bytes, compression=zero_init


LINKER GENERATED HANDLER TABLE

__TI_handler_table @ 00002254 records: 3, size/record: 4, table size: 12
	index: 0, handler: __TI_decompress_lzss
	index: 1, handler: __TI_decompress_none
	index: 2, handler: __TI_zero_init


GLOBAL SYMBOLS: SORTED ALPHABETICALLY BY Name 

address   name                              
-------   ----                              
00001f99  ADC14_IRQHandler                  
00001f99  ADC14_IRQHandler                  
00001f7d  ADC14_getResult                   
00001f1d  ADC14_setResolution               
0000119b  AES256_IRQHandler                 
0000119b  BusFault_Handler                  
00002059  C$$EXIT                           
0000119b  COMP_E0_IRQHandler                
0000119b  COMP_E1_IRQHandler                
0000119b  CS_IRQHandler                     
00001f3d  CS_setExternalClockSourceFrequency
00001ff5  CS_startHFXT                      
000018e1  CS_startHFXTWithTimeout           
0000119b  DMA_ERR_IRQHandler                
0000119b  DMA_INT0_IRQHandler               
0000119b  DMA_INT1_IRQHandler               
0000119b  DMA_INT2_IRQHandler               
0000119b  DMA_INT3_IRQHandler               
0000119b  DebugMon_Handler                  
0000119b  Default_Handler                   
0000119b  EUSCIA0_IRQHandler                
0000119b  EUSCIA1_IRQHandler                
0000119b  EUSCIA2_IRQHandler                
0000119b  EUSCIA3_IRQHandler                
0000119b  EUSCIB0_IRQHandler                
0000119b  EUSCIB1_IRQHandler                
0000119b  EUSCIB2_IRQHandler                
0000119b  EUSCIB3_IRQHandler                
0000119b  FLCTL_IRQHandler                  
0000119b  FPU_IRQHandler                    
0000119b  HardFault_Handler                 
0000119b  MemManage_Handler                 
0000119b  NMI_Handler                       
0000119b  PCM_IRQHandler                    
0000119b  PORT1_IRQHandler                  
0000119b  PORT2_IRQHandler                  
0000119b  PORT3_IRQHandler                  
0000119b  PORT4_IRQHandler                  
0000119b  PORT5_IRQHandler                  
0000119b  PORT6_IRQHandler                  
0000119b  PSS_IRQHandler                    
0000119b  PendSV_Handler                    
0000119b  RTC_C_IRQHandler                  
00002037  Reset_Handler                     
0000119b  SVC_Handler                       
00001fb1  SysCtl_A_disableNMISource         
00001fc9  SysCtl_A_enableNMISource          
00002019  SysCtl_A_getNMISourceStatus       
00001aa1  SysTick_Handler                   
00001aa1  SysTick_Handler                   
00001ce5  SystemInit                        
0000119b  T32_INT1_IRQHandler               
0000119b  T32_INT2_IRQHandler               
0000119b  T32_INTC_IRQHandler               
0000119b  TA0_0_IRQHandler                  
0000119b  TA0_N_IRQHandler                  
0000119b  TA1_0_IRQHandler                  
0000119b  TA1_N_IRQHandler                  
0000119b  TA2_0_IRQHandler                  
0000119b  TA2_N_IRQHandler                  
0000119b  TA3_0_IRQHandler                  
0000119b  TA3_N_IRQHandler                  
0000119b  UsageFault_Handler                
4000480c  WDTCTL_SYM                        
0000119b  WDT_A_IRQHandler                  
20010000  __STACK_END                       
00000200  __STACK_SIZE                      
00002268  __TI_CINIT_Base                   
00002278  __TI_CINIT_Limit                  
00002254  __TI_Handler_Table_Base           
00002260  __TI_Handler_Table_Limit          
00001dfd  __TI_auto_init_nobinit_nopinit    
00001d4d  __TI_decompress_lzss              
00002029  __TI_decompress_none              
ffffffff  __TI_pprof_out_hndl               
ffffffff  __TI_prof_data_size               
ffffffff  __TI_prof_data_start              
00000000  __TI_static_base__                
00002007  __TI_zero_init_nomemset           
00001bd9  __aeabi_cdcmpeq                   
00001bd9  __aeabi_cdcmple                   
00001c5f  __aeabi_cdrcmple                  
00001db5  __aeabi_d2iz                      
00000fef  __aeabi_dadd                      
000016ed  __aeabi_dmul                      
00000fe5  __aeabi_dsub                      
0000204d  __aeabi_errno_addr                
00001eb5  __aeabi_f2d                       
00001eed  __aeabi_i2d                       
00001b3d  __aeabi_memcpy                    
00001b3d  __aeabi_memcpy4                   
00001b3d  __aeabi_memcpy8                   
ffffffff  __binit__                         
ffffffff  __c_args__                        
00001311  __kernel_cos                      
000000e5  __kernel_rem_pio2                 
0000119d  __kernel_sin                      
UNDEFED   __mpu_init                        
2000fe00  __stack                           
00001e7d  _c_int00_noargs                   
UNDEFED   _system_post_cinit                
00002055  _system_pre_init                  
00002059  abort                             
00001f5d  bandstop                          
200000d0  bandstopBuff                      
ffffffff  binit                             
00001fe1  copysign                          
00001fe1  copysignl                         
200000fc  errno                             
00001e41  filter                            
000017e9  floor                             
000017e9  floorl                            
00000000  interruptVectors                  
000015dd  ldexp                             
000015dd  ldexpl                            
00000de1  main                              
00001b3d  memcpy                            
000015dd  scalbn                            
000015dd  scalbnl                           
0000081d  sin                               
0000081d  sinl                              
00002043  updateBuffer                      


GLOBAL SYMBOLS: SORTED BY Symbol Address 

address   name                              
-------   ----                              
00000000  __TI_static_base__                
00000000  interruptVectors                  
000000e5  __kernel_rem_pio2                 
00000200  __STACK_SIZE                      
0000081d  sin                               
0000081d  sinl                              
00000de1  main                              
00000fe5  __aeabi_dsub                      
00000fef  __aeabi_dadd                      
0000119b  AES256_IRQHandler                 
0000119b  BusFault_Handler                  
0000119b  COMP_E0_IRQHandler                
0000119b  COMP_E1_IRQHandler                
0000119b  CS_IRQHandler                     
0000119b  DMA_ERR_IRQHandler                
0000119b  DMA_INT0_IRQHandler               
0000119b  DMA_INT1_IRQHandler               
0000119b  DMA_INT2_IRQHandler               
0000119b  DMA_INT3_IRQHandler               
0000119b  DebugMon_Handler                  
0000119b  Default_Handler                   
0000119b  EUSCIA0_IRQHandler                
0000119b  EUSCIA1_IRQHandler                
0000119b  EUSCIA2_IRQHandler                
0000119b  EUSCIA3_IRQHandler                
0000119b  EUSCIB0_IRQHandler                
0000119b  EUSCIB1_IRQHandler                
0000119b  EUSCIB2_IRQHandler                
0000119b  EUSCIB3_IRQHandler                
0000119b  FLCTL_IRQHandler                  
0000119b  FPU_IRQHandler                    
0000119b  HardFault_Handler                 
0000119b  MemManage_Handler                 
0000119b  NMI_Handler                       
0000119b  PCM_IRQHandler                    
0000119b  PORT1_IRQHandler                  
0000119b  PORT2_IRQHandler                  
0000119b  PORT3_IRQHandler                  
0000119b  PORT4_IRQHandler                  
0000119b  PORT5_IRQHandler                  
0000119b  PORT6_IRQHandler                  
0000119b  PSS_IRQHandler                    
0000119b  PendSV_Handler                    
0000119b  RTC_C_IRQHandler                  
0000119b  SVC_Handler                       
0000119b  T32_INT1_IRQHandler               
0000119b  T32_INT2_IRQHandler               
0000119b  T32_INTC_IRQHandler               
0000119b  TA0_0_IRQHandler                  
0000119b  TA0_N_IRQHandler                  
0000119b  TA1_0_IRQHandler                  
0000119b  TA1_N_IRQHandler                  
0000119b  TA2_0_IRQHandler                  
0000119b  TA2_N_IRQHandler                  
0000119b  TA3_0_IRQHandler                  
0000119b  TA3_N_IRQHandler                  
0000119b  UsageFault_Handler                
0000119b  WDT_A_IRQHandler                  
0000119d  __kernel_sin                      
00001311  __kernel_cos                      
000015dd  ldexp                             
000015dd  ldexpl                            
000015dd  scalbn                            
000015dd  scalbnl                           
000016ed  __aeabi_dmul                      
000017e9  floor                             
000017e9  floorl                            
000018e1  CS_startHFXTWithTimeout           
00001aa1  SysTick_Handler                   
00001aa1  SysTick_Handler                   
00001b3d  __aeabi_memcpy                    
00001b3d  __aeabi_memcpy4                   
00001b3d  __aeabi_memcpy8                   
00001b3d  memcpy                            
00001bd9  __aeabi_cdcmpeq                   
00001bd9  __aeabi_cdcmple                   
00001c5f  __aeabi_cdrcmple                  
00001ce5  SystemInit                        
00001d4d  __TI_decompress_lzss              
00001db5  __aeabi_d2iz                      
00001dfd  __TI_auto_init_nobinit_nopinit    
00001e41  filter                            
00001e7d  _c_int00_noargs                   
00001eb5  __aeabi_f2d                       
00001eed  __aeabi_i2d                       
00001f1d  ADC14_setResolution               
00001f3d  CS_setExternalClockSourceFrequency
00001f5d  bandstop                          
00001f7d  ADC14_getResult                   
00001f99  ADC14_IRQHandler                  
00001f99  ADC14_IRQHandler                  
00001fb1  SysCtl_A_disableNMISource         
00001fc9  SysCtl_A_enableNMISource          
00001fe1  copysign                          
00001fe1  copysignl                         
00001ff5  CS_startHFXT                      
00002007  __TI_zero_init_nomemset           
00002019  SysCtl_A_getNMISourceStatus       
00002029  __TI_decompress_none              
00002037  Reset_Handler                     
00002043  updateBuffer                      
0000204d  __aeabi_errno_addr                
00002055  _system_pre_init                  
00002059  C$$EXIT                           
00002059  abort                             
00002254  __TI_Handler_Table_Base           
00002260  __TI_Handler_Table_Limit          
00002268  __TI_CINIT_Base                   
00002278  __TI_CINIT_Limit                  
200000d0  bandstopBuff                      
200000fc  errno                             
2000fe00  __stack                           
20010000  __STACK_END                       
4000480c  WDTCTL_SYM                        
ffffffff  __TI_pprof_out_hndl               
ffffffff  __TI_prof_data_size               
ffffffff  __TI_prof_data_start              
ffffffff  __binit__                         
ffffffff  __c_args__                        
ffffffff  binit                             
UNDEFED   __mpu_init                        
UNDEFED   _system_post_cinit                

[122 symbols]
