******************************************************************************
                  TI ARM Linker Unix v18.1.3                   
******************************************************************************
>> Linked Wed Dec 12 10:47:48 2018

OUTPUT FILE NAME:   <cs_hfxt_start_MSP_EXP432P401R_nortos_ccs.out>
ENTRY POINT SYMBOL: "_c_int00_noargs"  address: 000020c9


MEMORY CONFIGURATION

         name            origin    length      used     unused   attr    fill
----------------------  --------  ---------  --------  --------  ----  --------
  MAIN                  00000000   00040000  000024f4  0003db0c  R  X
  INFO                  00200000   00004000  00000000  00004000  R  X
  SRAM_CODE             01000000   00010000  000002c0  0000fd40  RW X
  SRAM_DATA             20000000   00010000  000002c0  0000fd40  RW  


SEGMENT ALLOCATION MAP

run origin  load origin   length   init length attrs members
----------  ----------- ---------- ----------- ----- -------
00000000    00000000    000024f8   000024f8    r-x
  00000000    00000000    000000e4   000000e4    r-- .intvecs
  000000e4    000000e4    000021c0   000021c0    r-x .text
  000022a8    000022a8    000001d8   000001d8    r-- .const
  00002480    00002480    00000078   00000078    r-- .cinit
20000000    20000000    000000c0   00000000    rw-
  20000000    20000000    0000009c   00000000    rw- .data
  2000009c    2000009c    00000024   00000000    rw- .bss
2000fe00    2000fe00    00000200   00000000    rw-
  2000fe00    2000fe00    00000200   00000000    rw- .stack


SECTION ALLOCATION MAP

 output                                  attributes/
section   page    origin      length       input sections
--------  ----  ----------  ----------   ----------------
.intvecs   0    00000000    000000e4     
                  00000000    000000e4     startup_msp432p401r_ccs.obj (.intvecs:retain)

.text      0    000000e4    000021c0     
                  000000e4    00000738     rtsv7M4_T_le_v4SPD16_eabi.lib : k_rem_pio2.c.obj (.text:__kernel_rem_pio2)
                  0000081c    000005c4                                   : s_sin.c.obj (.text:sin)
                  00000de0    00000214     main.obj (.text:main)
                  00000ff4    000001b6     rtsv7M4_T_le_v4SPD16_eabi.lib : fd_add_t2.asm.obj (.text)
                  000011aa    00000002     startup_msp432p401r_ccs.obj (.text:Default_Handler)
                  000011ac    00000174     rtsv7M4_T_le_v4SPD16_eabi.lib : k_sin.c.obj (.text:__kernel_sin)
                  00001320    0000016c                                   : k_cos.c.obj (.text:__kernel_cos)
                  0000148c    00000160     msp432p4xx_driverlib.lib : adc14.o (.text:_getIndexForMemRegister)
                  000015ec    00000136     rtsv7M4_T_le_v4SPD16_eabi.lib : fd_div_t2.asm.obj (.text)
                  00001722    00000002     --HOLE-- [fill = 0]
                  00001724    00000110                                   : s_scalbn.c.obj (.text:scalbn)
                  00001834    000000fc                                   : fd_mul_t2.asm.obj (.text)
                  00001930    000000f8                                   : s_floor.c.obj (.text:floor)
                  00001a28    000000e4     msp432p4xx_driverlib.lib : cs.o (.text:CS_startHFXTWithTimeout)
                  00001b0c    000000dc                              : cs.o (.text:_CSGetHFXTFrequency)
                  00001be8    000000b4     main.obj (.text:SysTick_Handler)
                  00001c9c    000000a4     main.obj (.text:bandstop)
                  00001d40    0000009c     rtsv7M4_T_le_v4SPD16_eabi.lib : memcpy_t2.asm.obj (.text)
                  00001ddc    00000086                                   : fd_cmp_t2.asm.obj (.text:__aeabi_cdcmple)
                  00001e62    00000086                                   : fd_cmp_t2.asm.obj (.text:__aeabi_cdrcmple)
                  00001ee8    00000078     system_msp432p401r.obj (.text:SystemInit)
                  00001f60    00000074     main.obj (.text:filter)
                  00001fd4    00000068     rtsv7M4_T_le_v4SPD16_eabi.lib : copy_decompress_lzss.c.obj (.text:decompress:lzss:__TI_decompress_lzss)
                  0000203c    00000048                                   : fd_toi_t2.asm.obj (.text)
                  00002084    00000044                                   : autoinit.c.obj (.text:__TI_auto_init_nobinit_nopinit:__TI_auto_init_nobinit_nopinit)
                  000020c8    00000038                                   : boot_cortex_m.c.obj (.text:_c_int00_noargs:_c_int00_noargs)
                  00002100    00000038                                   : fs_tod_t2.asm.obj (.text)
                  00002138    0000002e                                   : i_tofd_t2.asm.obj (.text)
                  00002166    00000002     --HOLE-- [fill = 0]
                  00002168    00000020     main.obj (.text:ADC14_IRQHandler)
                  00002188    00000020     msp432p4xx_driverlib.lib : adc14.o (.text:ADC14_setResolution)
                  000021a8    00000020                              : cs.o (.text:CS_setExternalClockSourceFrequency)
                  000021c8    0000001c                              : adc14.o (.text:ADC14_getResult)
                  000021e4    0000001a     main.obj (.text:updateBuffer)
                  000021fe    00000002     --HOLE-- [fill = 0]
                  00002200    00000018     msp432p4xx_driverlib.lib : sysctl_a.o (.text:SysCtl_A_disableNMISource)
                  00002218    00000018                              : sysctl_a.o (.text:SysCtl_A_enableNMISource)
                  00002230    00000014     rtsv7M4_T_le_v4SPD16_eabi.lib : s_copysign.c.obj (.text:copysign)
                  00002244    00000012     msp432p4xx_driverlib.lib : cs.o (.text:CS_startHFXT)
                  00002256    00000012     rtsv7M4_T_le_v4SPD16_eabi.lib : copy_zero_init.c.obj (.text:decompress:ZI:__TI_zero_init_nomemset:__TI_zero_init_nomemset)
                  00002268    00000010     msp432p4xx_driverlib.lib : sysctl_a.o (.text:SysCtl_A_getNMISourceStatus)
                  00002278    0000000e     rtsv7M4_T_le_v4SPD16_eabi.lib : copy_decompress_none.c.obj (.text:decompress:none:__TI_decompress_none)
                  00002286    0000000c     startup_msp432p401r_ccs.obj (.text:Reset_Handler)
                  00002292    00000002     --HOLE-- [fill = 0]
                  00002294    00000008     rtsv7M4_T_le_v4SPD16_eabi.lib : errno.c.obj (.text:__aeabi_errno_addr)
                  0000229c    00000004                                   : pre_init.c.obj (.text:_system_pre_init)
                  000022a0    00000004                                   : exit.c.obj (.text:abort:abort)

.const     0    000022a8    000001d8     
                  000022a8    00000158     rtsv7M4_T_le_v4SPD16_eabi.lib : k_rem_pio2.c.obj (.const:$O1$$)
                  00002400    00000080     msp432p4xx_driverlib.lib : adc14.o (.const:_ctlRegs)

.cinit     0    00002480    00000078     
                  00002480    0000004d     (.cinit..data.load) [load image, compression = lzss]
                  000024cd    00000003     --HOLE-- [fill = 0]
                  000024d0    0000000c     (__TI_handler_table)
                  000024dc    00000004     --HOLE-- [fill = 0]
                  000024e0    00000008     (.cinit..bss.load) [load image, compression = zero_init]
                  000024e8    00000010     (__TI_cinit_table)

.init_array 
*          0    00000000    00000000     UNINITIALIZED

.binit     0    00000000    00000000     

.data      0    20000000    0000009c     UNINITIALIZED
                  20000000    0000000c     main.obj (.data:bandstopBuffA)
                  2000000c    0000000c     main.obj (.data:bandstopBuffB)
                  20000018    0000000c     main.obj (.data:bandstopBuffC)
                  20000024    0000000c     main.obj (.data:bandstopBuffD)
                  20000030    0000000c     main.obj (.data:bandstopDenA)
                  2000003c    0000000c     main.obj (.data:bandstopDenB)
                  20000048    0000000c     main.obj (.data:bandstopDenC)
                  20000054    0000000c     main.obj (.data:bandstopDenD)
                  20000060    0000000c     main.obj (.data:bandstopNumA)
                  2000006c    0000000c     main.obj (.data:bandstopNumB)
                  20000078    0000000c     main.obj (.data:bandstopNumC)
                  20000084    0000000c     main.obj (.data:bandstopNumD)
                  20000090    00000008     main.obj (.data)
                  20000098    00000004     rtsv7M4_T_le_v4SPD16_eabi.lib : errno.c.obj (.data)

.bss       0    2000009c    00000024     UNINITIALIZED
                  2000009c    0000001c     main.obj (.bss:sin_value)
                  200000b8    00000008     msp432p4xx_driverlib.lib : cs.o (.bss)

.stack     0    2000fe00    00000200     UNINITIALIZED
                  2000fe00    00000004     rtsv7M4_T_le_v4SPD16_eabi.lib : boot_cortex_m.c.obj (.stack)
                  2000fe04    000001fc     --HOLE--

MODULE SUMMARY

       Module                        code   ro data   rw data
       ------                        ----   -------   -------
    ./
       main.obj                      1050   0         360    
       system_msp432p401r.obj        120    0         0      
    +--+-----------------------------+------+---------+---------+
       Total:                        1170   0         360    
                                                             
    ./ccs/
       startup_msp432p401r_ccs.obj   14     228       0      
    +--+-----------------------------+------+---------+---------+
       Total:                        14     228       0      
                                                             
    /Applications/ti/ccsv8/tools/compiler/ti-cgt-arm_18.1.3.LTS/lib/rtsv7M4_T_le_v4SPD16_eabi.lib
       k_rem_pio2.c.obj              1848   344       0      
       s_sin.c.obj                   1476   0         0      
       fd_add_t2.asm.obj             438    0         0      
       k_sin.c.obj                   372    0         0      
       k_cos.c.obj                   364    0         0      
       fd_div_t2.asm.obj             310    0         0      
       s_scalbn.c.obj                272    0         0      
       fd_cmp_t2.asm.obj             268    0         0      
       fd_mul_t2.asm.obj             252    0         0      
       s_floor.c.obj                 248    0         0      
       memcpy_t2.asm.obj             156    0         0      
       copy_decompress_lzss.c.obj    104    0         0      
       fd_toi_t2.asm.obj             72     0         0      
       autoinit.c.obj                68     0         0      
       boot_cortex_m.c.obj           56     0         0      
       fs_tod_t2.asm.obj             56     0         0      
       i_tofd_t2.asm.obj             46     0         0      
       s_copysign.c.obj              20     0         0      
       copy_zero_init.c.obj          18     0         0      
       errno.c.obj                   8      0         8      
       copy_decompress_none.c.obj    14     0         0      
       exit.c.obj                    4      0         0      
       pre_init.c.obj                4      0         0      
    +--+-----------------------------+------+---------+---------+
       Total:                        6474   344       8      
                                                             
    /Users/hassifabdulahimustafa/ti/simplelink_msp432p4_sdk_2_30_00_14/source/ti/devices/msp432p4xx/driverlib/ccs/msp432p4xx_driverlib.lib
       adc14.o                       412    128       0      
       cs.o                          498    0         16     
       sysctl_a.o                    64     0         0      
    +--+-----------------------------+------+---------+---------+
       Total:                        974    128       16     
                                                             
       Stack:                        0      0         1024   
       Linker Generated:             0      113       0      
    +--+-----------------------------+------+---------+---------+
       Grand Total:                  8632   813       1408   


LINKER GENERATED COPY TABLES

__TI_cinit_table @ 000024e8 records: 2, size/record: 8, table size: 16
	.data: load addr=00002480, load size=0000004d bytes, run addr=20000000, run size=0000009c bytes, compression=lzss
	.bss: load addr=000024e0, load size=00000008 bytes, run addr=2000009c, run size=00000024 bytes, compression=zero_init


LINKER GENERATED HANDLER TABLE

__TI_handler_table @ 000024d0 records: 3, size/record: 4, table size: 12
	index: 0, handler: __TI_decompress_lzss
	index: 1, handler: __TI_decompress_none
	index: 2, handler: __TI_zero_init


GLOBAL SYMBOLS: SORTED ALPHABETICALLY BY Name 

address   name                              
-------   ----                              
00002169  ADC14_IRQHandler                  
00002169  ADC14_IRQHandler                  
000021c9  ADC14_getResult                   
00002189  ADC14_setResolution               
000011ab  AES256_IRQHandler                 
000011ab  BusFault_Handler                  
000022a1  C$$EXIT                           
000011ab  COMP_E0_IRQHandler                
000011ab  COMP_E1_IRQHandler                
000011ab  CS_IRQHandler                     
000021a9  CS_setExternalClockSourceFrequency
00002245  CS_startHFXT                      
00001a29  CS_startHFXTWithTimeout           
000011ab  DMA_ERR_IRQHandler                
000011ab  DMA_INT0_IRQHandler               
000011ab  DMA_INT1_IRQHandler               
000011ab  DMA_INT2_IRQHandler               
000011ab  DMA_INT3_IRQHandler               
000011ab  DebugMon_Handler                  
000011ab  Default_Handler                   
000011ab  EUSCIA0_IRQHandler                
000011ab  EUSCIA1_IRQHandler                
000011ab  EUSCIA2_IRQHandler                
000011ab  EUSCIA3_IRQHandler                
000011ab  EUSCIB0_IRQHandler                
000011ab  EUSCIB1_IRQHandler                
000011ab  EUSCIB2_IRQHandler                
000011ab  EUSCIB3_IRQHandler                
000011ab  FLCTL_IRQHandler                  
000011ab  FPU_IRQHandler                    
000011ab  HardFault_Handler                 
000011ab  MemManage_Handler                 
000011ab  NMI_Handler                       
000011ab  PCM_IRQHandler                    
000011ab  PORT1_IRQHandler                  
000011ab  PORT2_IRQHandler                  
000011ab  PORT3_IRQHandler                  
000011ab  PORT4_IRQHandler                  
000011ab  PORT5_IRQHandler                  
000011ab  PORT6_IRQHandler                  
000011ab  PSS_IRQHandler                    
000011ab  PendSV_Handler                    
000011ab  RTC_C_IRQHandler                  
00002287  Reset_Handler                     
000011ab  SVC_Handler                       
00002201  SysCtl_A_disableNMISource         
00002219  SysCtl_A_enableNMISource          
00002269  SysCtl_A_getNMISourceStatus       
00001be9  SysTick_Handler                   
00001be9  SysTick_Handler                   
00001ee9  SystemInit                        
000011ab  T32_INT1_IRQHandler               
000011ab  T32_INT2_IRQHandler               
000011ab  T32_INTC_IRQHandler               
000011ab  TA0_0_IRQHandler                  
000011ab  TA0_N_IRQHandler                  
000011ab  TA1_0_IRQHandler                  
000011ab  TA1_N_IRQHandler                  
000011ab  TA2_0_IRQHandler                  
000011ab  TA2_N_IRQHandler                  
000011ab  TA3_0_IRQHandler                  
000011ab  TA3_N_IRQHandler                  
000011ab  UsageFault_Handler                
4000480c  WDTCTL_SYM                        
000011ab  WDT_A_IRQHandler                  
20010000  __STACK_END                       
00000200  __STACK_SIZE                      
000024e8  __TI_CINIT_Base                   
000024f8  __TI_CINIT_Limit                  
000024d0  __TI_Handler_Table_Base           
000024dc  __TI_Handler_Table_Limit          
00002085  __TI_auto_init_nobinit_nopinit    
00001fd5  __TI_decompress_lzss              
00002279  __TI_decompress_none              
ffffffff  __TI_pprof_out_hndl               
ffffffff  __TI_prof_data_size               
ffffffff  __TI_prof_data_start              
00000000  __TI_static_base__                
00002257  __TI_zero_init_nomemset           
00001ddd  __aeabi_cdcmpeq                   
00001ddd  __aeabi_cdcmple                   
00001e63  __aeabi_cdrcmple                  
0000203d  __aeabi_d2iz                      
00000fff  __aeabi_dadd                      
000015ed  __aeabi_ddiv                      
00001835  __aeabi_dmul                      
00000ff5  __aeabi_dsub                      
00002295  __aeabi_errno_addr                
00002101  __aeabi_f2d                       
00002139  __aeabi_i2d                       
00001d41  __aeabi_memcpy                    
00001d41  __aeabi_memcpy4                   
00001d41  __aeabi_memcpy8                   
ffffffff  __binit__                         
ffffffff  __c_args__                        
00001321  __kernel_cos                      
000000e5  __kernel_rem_pio2                 
000011ad  __kernel_sin                      
UNDEFED   __mpu_init                        
2000fe00  __stack                           
000020c9  _c_int00_noargs                   
UNDEFED   _system_post_cinit                
0000229d  _system_pre_init                  
000022a1  abort                             
00001c9d  bandstop                          
20000000  bandstopBuffA                     
2000000c  bandstopBuffB                     
20000018  bandstopBuffC                     
20000024  bandstopBuffD                     
ffffffff  binit                             
00002231  copysign                          
00002231  copysignl                         
20000098  errno                             
00001f61  filter                            
00001931  floor                             
00001931  floorl                            
00000000  interruptVectors                  
00001725  ldexp                             
00001725  ldexpl                            
00000de1  main                              
00001d41  memcpy                            
00001725  scalbn                            
00001725  scalbnl                           
0000081d  sin                               
0000081d  sinl                              
000021e5  updateBuffer                      


GLOBAL SYMBOLS: SORTED BY Symbol Address 

address   name                              
-------   ----                              
00000000  __TI_static_base__                
00000000  interruptVectors                  
000000e5  __kernel_rem_pio2                 
00000200  __STACK_SIZE                      
0000081d  sin                               
0000081d  sinl                              
00000de1  main                              
00000ff5  __aeabi_dsub                      
00000fff  __aeabi_dadd                      
000011ab  AES256_IRQHandler                 
000011ab  BusFault_Handler                  
000011ab  COMP_E0_IRQHandler                
000011ab  COMP_E1_IRQHandler                
000011ab  CS_IRQHandler                     
000011ab  DMA_ERR_IRQHandler                
000011ab  DMA_INT0_IRQHandler               
000011ab  DMA_INT1_IRQHandler               
000011ab  DMA_INT2_IRQHandler               
000011ab  DMA_INT3_IRQHandler               
000011ab  DebugMon_Handler                  
000011ab  Default_Handler                   
000011ab  EUSCIA0_IRQHandler                
000011ab  EUSCIA1_IRQHandler                
000011ab  EUSCIA2_IRQHandler                
000011ab  EUSCIA3_IRQHandler                
000011ab  EUSCIB0_IRQHandler                
000011ab  EUSCIB1_IRQHandler                
000011ab  EUSCIB2_IRQHandler                
000011ab  EUSCIB3_IRQHandler                
000011ab  FLCTL_IRQHandler                  
000011ab  FPU_IRQHandler                    
000011ab  HardFault_Handler                 
000011ab  MemManage_Handler                 
000011ab  NMI_Handler                       
000011ab  PCM_IRQHandler                    
000011ab  PORT1_IRQHandler                  
000011ab  PORT2_IRQHandler                  
000011ab  PORT3_IRQHandler                  
000011ab  PORT4_IRQHandler                  
000011ab  PORT5_IRQHandler                  
000011ab  PORT6_IRQHandler                  
000011ab  PSS_IRQHandler                    
000011ab  PendSV_Handler                    
000011ab  RTC_C_IRQHandler                  
000011ab  SVC_Handler                       
000011ab  T32_INT1_IRQHandler               
000011ab  T32_INT2_IRQHandler               
000011ab  T32_INTC_IRQHandler               
000011ab  TA0_0_IRQHandler                  
000011ab  TA0_N_IRQHandler                  
000011ab  TA1_0_IRQHandler                  
000011ab  TA1_N_IRQHandler                  
000011ab  TA2_0_IRQHandler                  
000011ab  TA2_N_IRQHandler                  
000011ab  TA3_0_IRQHandler                  
000011ab  TA3_N_IRQHandler                  
000011ab  UsageFault_Handler                
000011ab  WDT_A_IRQHandler                  
000011ad  __kernel_sin                      
00001321  __kernel_cos                      
000015ed  __aeabi_ddiv                      
00001725  ldexp                             
00001725  ldexpl                            
00001725  scalbn                            
00001725  scalbnl                           
00001835  __aeabi_dmul                      
00001931  floor                             
00001931  floorl                            
00001a29  CS_startHFXTWithTimeout           
00001be9  SysTick_Handler                   
00001be9  SysTick_Handler                   
00001c9d  bandstop                          
00001d41  __aeabi_memcpy                    
00001d41  __aeabi_memcpy4                   
00001d41  __aeabi_memcpy8                   
00001d41  memcpy                            
00001ddd  __aeabi_cdcmpeq                   
00001ddd  __aeabi_cdcmple                   
00001e63  __aeabi_cdrcmple                  
00001ee9  SystemInit                        
00001f61  filter                            
00001fd5  __TI_decompress_lzss              
0000203d  __aeabi_d2iz                      
00002085  __TI_auto_init_nobinit_nopinit    
000020c9  _c_int00_noargs                   
00002101  __aeabi_f2d                       
00002139  __aeabi_i2d                       
00002169  ADC14_IRQHandler                  
00002169  ADC14_IRQHandler                  
00002189  ADC14_setResolution               
000021a9  CS_setExternalClockSourceFrequency
000021c9  ADC14_getResult                   
000021e5  updateBuffer                      
00002201  SysCtl_A_disableNMISource         
00002219  SysCtl_A_enableNMISource          
00002231  copysign                          
00002231  copysignl                         
00002245  CS_startHFXT                      
00002257  __TI_zero_init_nomemset           
00002269  SysCtl_A_getNMISourceStatus       
00002279  __TI_decompress_none              
00002287  Reset_Handler                     
00002295  __aeabi_errno_addr                
0000229d  _system_pre_init                  
000022a1  C$$EXIT                           
000022a1  abort                             
000024d0  __TI_Handler_Table_Base           
000024dc  __TI_Handler_Table_Limit          
000024e8  __TI_CINIT_Base                   
000024f8  __TI_CINIT_Limit                  
20000000  bandstopBuffA                     
2000000c  bandstopBuffB                     
20000018  bandstopBuffC                     
20000024  bandstopBuffD                     
20000098  errno                             
2000fe00  __stack                           
20010000  __STACK_END                       
4000480c  WDTCTL_SYM                        
ffffffff  __TI_pprof_out_hndl               
ffffffff  __TI_prof_data_size               
ffffffff  __TI_prof_data_start              
ffffffff  __binit__                         
ffffffff  __c_args__                        
ffffffff  binit                             
UNDEFED   __mpu_init                        
UNDEFED   _system_post_cinit                

[126 symbols]
